[1/480] 402s
[2/480] 526s
[3/480] 605s
[4/480] 870s
[5/480] 887s
[6/480] 980s
[7/480] 1204s
[8/480] 1258s
[9/480] 1413s
[10/480] 1577s
[11/480] 1810s
[12/480] 1812s
[13/480] 1987s
[14/480] 2072s
[15/480] 2139s
[16/480] 2440s
[17/480] 2498s
[18/480] 2562s
[19/480] 2735s
[20/480] 2801s
[21/480] 2857s
[22/480] 3174s
[23/480] 3376s
[24/480] 3462s
[25/480] 3543s
[26/480] 3610s
[27/480] 3700s
[28/480] 3906s
[29/480] 4120s
[30/480] 4256s
[31/480] 4285s
[32/480] 4307s
[33/480] 4339s
[34/480] 4779s
[35/480] 4811s
[36/480] 4874s
[37/480] 5032s
[38/480] 5090s
[39/480] 5097s
[40/480] 5174s
[41/480] 5618s
[42/480] 5652s
[43/480] 5670s
[44/480] 5828s
[45/480] 5842s
[46/480] 5861s
[47/480] 6382s
[48/480] 6393s
[49/480] 6434s
[50/480] 6559s
[51/480] 6618s
[52/480] 6789s
[53/480] 7150s
[54/480] 7187s
[55/480] 7362s
[56/480] 7465s
[57/480] 7567s
[58/480] 7594s
[59/480] 7995s
[60/480] 8014s
[61/480] 8162s
[62/480] 8166s
[63/480] 8274s
[64/480] 8417s
[65/480] 8743s
[66/480] 8746s
[67/480] 8789s
[68/480] 8997s
[69/480] 9058s
[70/480] 9181s
[71/480] 9518s
[72/480] 9618s
[73/480] 9748s
[74/480] 9814s
[75/480] 9819s
[76/480] 9894s
[77/480] 10289s
[78/480] 10335s
[79/480] 10399s
[80/480] 10498s
[81/480] 10540s
[82/480] 10567s
[83/480] 10992s
[84/480] 11005s
[85/480] 11228s
[86/480] 11285s
[87/480] 11429s
[88/480] 11466s
[89/480] 11649s
[90/480] 11667s
[91/480] 11868s
[92/480] 12108s
[93/480] 12115s
[94/480] 12121s
[95/480] 12427s
[96/480] 12625s
[97/480] 12642s
[98/480] 12919s
[99/480] 12984s
[100/480] 13065s
[101/480] 13256s
[102/480] 13297s
[103/480] 13410s
[104/480] 13497s
[105/480] 13656s
[106/480] 13840s
[107/480] 13989s
[108/480] 14074s
[109/480] 14134s
[110/480] 14167s
[111/480] 14272s
[112/480] 14629s
[113/480] 14740s
[114/480] 14825s
[115/480] 14851s
[116/480] 14956s
[117/480] 14985s
[118/480] 15342s
[119/480] 15479s
[120/480] 15595s
[121/480] 15648s
[122/480] 15698s
[123/480] 15789s
[124/480] 16129s
[125/480] 16248s
[126/480] 16408s
[127/480] 16448s
[128/480] 16522s
[129/480] 16549s
[130/480] 16917s
[131/480] 16923s
[132/480] 17087s
[133/480] 17223s
[134/480] 17271s
[135/480] 17352s
[136/480] 17704s
[137/480] 17738s
[138/480] 17749s
[139/480] 17841s
[140/480] 18155s
[141/480] 18209s
[142/480] 18354s
[143/480] 18517s
[144/480] 18601s
[145/480] 18607s
[146/480] 18881s
[147/480] 18915s
[148/480] 19011s
[149/480] 19309s
[150/480] 19330s
[151/480] 19401s
[152/480] 19620s
[153/480] 19743s
[154/480] 19776s
[155/480] 20090s
[156/480] 20170s
[157/480] 20198s
[158/480] 20433s
[159/480] 20563s
[160/480] 20762s
[161/480] 20880s
[162/480] 20883s
[163/480] 20912s
[164/480] 21080s
[165/480] 21221s
[166/480] 21620s
[167/480] 21741s
[168/480] 21756s
[169/480] 21896s
[170/480] 21957s
[171/480] 22077s
[172/480] 22317s
[173/480] 22332s
[174/480] 22360s
[175/480] 22620s
[176/480] 22771s
[177/480] 22969s
[178/480] 23003s
[179/480] 23054s
[180/480] 23072s
[181/480] 23299s
[182/480] 23513s
[183/480] 23707s
[184/480] 23752s
[185/480] 23792s
[186/480] 23987s
[187/480] 24008s
[188/480] 24304s
[189/480] 24425s
[190/480] 24485s
[191/480] 24541s
[192/480] 24644s
[193/480] 24770s
[194/480] 25102s
[195/480] 25132s
[196/480] 25322s
[197/480] 25378s
[198/480] 25542s
[199/480] 25554s
[200/480] 25833s
[201/480] 25922s
[202/480] 26083s
[203/480] 26163s
[204/480] 26296s
[205/480] 26323s
[206/480] 26520s
[207/480] 26783s
[208/480] 26870s
[209/480] 26898s
[210/480] 26938s
[211/480] 26982s
[212/480] 27419s
[213/480] 27579s
[214/480] 27808s
[215/480] 27848s
[216/480] 27949s
[217/480] 28053s
[218/480] 28069s
[219/480] 28221s
[220/480] 28464s
[221/480] 28709s
[222/480] 28758s
[223/480] 28802s
[224/480] 28830s
[225/480] 28916s
[226/480] 29257s
[227/480] 29384s
[228/480] 29440s
[229/480] 29451s
[230/480] 29566s
[231/480] 29644s
[232/480] 29946s
[233/480] 29973s
[234/480] 30199s
[235/480] 30216s
[236/480] 30313s
[237/480] 30454s
[238/480] 30678s
[239/480] 30684s
[240/480] 30911s
[241/480] 30995s
[242/480] 31098s
[243/480] 31168s
[244/480] 31305s
[245/480] 31562s
[246/480] 31699s
[247/480] 31791s
[248/480] 31901s
[249/480] 32078s
[250/480] 32180s
[251/480] 32405s
[252/480] 32419s
[253/480] 32525s
[254/480] 32594s
[255/480] 32769s
[256/480] 32831s
[257/480] 32834s
[258/480] 33192s
[259/480] 33277s
[260/480] 33370s
[261/480] 33602s
[262/480] 33615s
[263/480] 33752s
[264/480] 34001s
[265/480] 34007s
[266/480] 34166s
[267/480] 34283s
[268/480] 34345s
[269/480] 34486s
[270/480] 34684s
[271/480] 34713s
[272/480] 34927s
[273/480] 35105s
[274/480] 35254s
[275/480] 35319s
[276/480] 35325s
[277/480] 35545s
[278/480] 35698s
[279/480] 35908s
[280/480] 36025s
[281/480] 36126s
[282/480] 36164s
[283/480] 36297s
[284/480] 36309s
[285/480] 36698s
[286/480] 36741s
[287/480] 36789s
[288/480] 36834s
[289/480] 36930s
[290/480] 37000s
[291/480] 37327s
[292/480] 37381s
[293/480] 37386s
[294/480] 37507s
[295/480] 37641s
[296/480] 37674s
[297/480] 38020s
[298/480] 38105s
[299/480] 38138s
[300/480] 38209s
[301/480] 38441s
[302/480] 38570s
[303/480] 38769s
[304/480] 38832s
[305/480] 38858s
[306/480] 39073s
[307/480] 39270s
[308/480] 39305s
[309/480] 39530s
[310/480] 39599s
[311/480] 39704s
[312/480] 39810s
[313/480] 40120s
[314/480] 40285s
[315/480] 40455s
[316/480] 40562s
[317/480] 40602s
[318/480] 40766s
[319/480] 41074s
[320/480] 41136s
[321/480] 41157s
[322/480] 41455s
[323/480] 41466s
[324/480] 41725s
[325/480] 41764s
[326/480] 41827s
[327/480] 41962s
[328/480] 42099s
[329/480] 42123s
[330/480] 42523s
[331/480] 42589s
[332/480] 42631s
[333/480] 42712s
[334/480] 42932s
[335/480] 42970s
[336/480] 43256s
[337/480] 43439s
[338/480] 43551s
[339/480] 43656s
[340/480] 43885s
[341/480] 44036s
[342/480] 44162s
[343/480] 44176s
[344/480] 44477s
[345/480] 44498s
[346/480] 44681s
[347/480] 44870s
[348/480] 44880s
[349/480] 44935s
[350/480] 45109s
[351/480] 45276s
[352/480] 45434s
[353/480] 45535s
[354/480] 45744s
[355/480] 45748s
[356/480] 45790s
[357/480] 45793s
[358/480] 46212s
[359/480] 46212s
[360/480] 46472s
[361/480] 46514s
[362/480] 46550s
[363/480] 46631s
[364/480] 47000s
[365/480] 47014s
[366/480] 47232s
[367/480] 47276s
[368/480] 47314s
[369/480] 47359s
[370/480] 47756s
[371/480] 47795s
[372/480] 47873s
[373/480] 47884s
[374/480] 48083s
[375/480] 48201s
[376/480] 48601s
[377/480] 48612s
[378/480] 48694s
[379/480] 48695s
[380/480] 48919s
[381/480] 49047s
[382/480] 49240s
[383/480] 49313s
[384/480] 49502s
[385/480] 49546s
[386/480] 49676s
[387/480] 49740s
[388/480] 50083s
[389/480] 50267s
[390/480] 50268s
[391/480] 50269s
[392/480] 50381s
[393/480] 50431s
[394/480] 50882s
[395/480] 50911s
[396/480] 50941s
[397/480] 51092s
[398/480] 51159s
[399/480] 51205s
[400/480] 51511s
[401/480] 51601s
[402/480] 51742s
[403/480] 51841s
[404/480] 51930s
[405/480] 51999s
[406/480] 52183s
[407/480] 52348s
[408/480] 52631s
[409/480] 52736s
[410/480] 52756s
[411/480] 53042s
[412/480] 53120s
[413/480] 53159s
[414/480] 53343s
[415/480] 53344s
[416/480] 53499s
[417/480] 54001s
[418/480] 54035s
[419/480] 54057s
[420/480] 54089s
[421/480] 54119s
[422/480] 54298s
[423/480] 54858s
[424/480] 54881s
[425/480] 54993s
[426/480] 55002s
[427/480] 55060s
[428/480] 55238s
[429/480] 55849s
[430/480] 55889s
[431/480] 55896s
[432/480] 56148s
[433/480] 56150s
[434/480] 56231s
[435/480] 56684s
[436/480] 57005s
[437/480] 57092s
[438/480] 57120s
[439/480] 57156s
[440/480] 57314s
[441/480] 57460s
[442/480] 57807s
[443/480] 57838s
[444/480] 57911s
[445/480] 58053s
[446/480] 58242s
[447/480] 58300s
[448/480] 58602s
[449/480] 58626s
[450/480] 58638s
[451/480] 58701s
[452/480] 58883s
[453/480] 59388s
[454/480] 59438s
[455/480] 59486s
[456/480] 59511s
[457/480] 59569s
[458/480] 59775s
[459/480] 60306s
[460/480] 60368s
[461/480] 60397s
[462/480] 60462s
[463/480] 60525s
[464/480] 60772s
[465/480] 61075s
[466/480] 61386s
[467/480] 61477s
[468/480] 61525s
[469/480] 61531s
[470/480] 61590s
[471/480] 62085s
[472/480] 62184s
[473/480] 62325s
[474/480] 62407s
[475/480] 62467s
[476/480] 62482s
[477/480] 62795s
[478/480] 63088s
[479/480] 63116s
[480/480] 63257s
Traceback (most recent call last):
  File "<frozen runpy>", line 198, in _run_module_as_main
  File "<frozen runpy>", line 88, in _run_code
  File "C:\Code\business-board-game\backend\simulation\tournament.py", line 922, in <module>
    raise SystemExit(main())
                     ~~~~^^
  File "C:\Code\business-board-game\backend\simulation\tournament.py", line 913, in main
    output.write_text(render(tally, config), encoding="utf-8")
                      ~~~~~~^^^^^^^^^^^^^^^
  File "C:\Code\business-board-game\backend\simulation\tournament_report.py", line 143, in render
    engine = CityEngine()
  File "C:\Code\business-board-game\backend\city_engine\engine.py", line 86, in __init__
    self.catalog = catalog or load_catalog()
                              ~~~~~~~~~~~~^^
  File "C:\Code\business-board-game\backend\city_engine\content.py", line 381, in load_catalog
    catalog.validate()
    ~~~~~~~~~~~~~~~~^^
  File "C:\Code\business-board-game\backend\city_engine\content.py", line 172, in validate
    raise StateValidationError(
        f"catalog version {self.content_version!r} does not match engine {CONTENT_VERSION!r}"
    )
city_engine.errors.StateValidationError: catalog version 'city-content-2026-10-02c' does not match engine 'city-content-2026-10-02'
